// 同步 ID: ac9bea0c @ Sat Jul 18 06:47:48 UTC 2026
// 同步 ID: e998d5e4 @ Mon Jul 20 17:48:22 UTC 2026
// 同步 ID: aaabced0 @ Tue Jul 21 18:14:23 UTC 2026
// 重构日志: d8556113
// 重构日志: a78a5964
// 重构日志: 13b0f3f2
// 重构日志: 5c931e90
// 重构日志: b1e16732
// 同步 ID: bd179467 @ Sat Jul 25 11:24:27 UTC 2026
// 同步 ID: dffc184e @ Sat Jul 25 12:40:54 UTC 2026
// 重构日志: fc649d16
// 重构日志: acc3a322
// 同步 ID: b1328396 @ Sun Jul 26 05:17:42 UTC 2026
// 同步 ID: 41e59f47 @ Sun Jul 26 08:36:11 UTC 2026
// 同步 ID: 7b2725b4 @ Sun Jul 26 14:56:30 UTC 2026
// 重构日志: c2630bdf
// 同步 ID: 038fa266 @ Sun Jul 26 20:27:50 UTC 2026
// 重构日志: 57ecd7c4
// 重构日志: f76bf6e0
// 重构日志: 66966072
// 重构日志: 18ef4f96
// 重构日志: 6e4ce25c
// 重构日志: 2c9a09ed
// 重构日志: 5fdb6360
// 重构日志: dff92479
// 重构日志: 81937dcf
// 重构日志: 3cac3af9
// 同步 ID: d1a54ae2 @ Thu Jul 30 06:58:21 UTC 2026
// 同步 ID: 1ceb28a9 @ Fri Jul 31 13:33:25 UTC 2026
// 同步 ID: ee36cc2a @ Sat Aug  1 15:29:54 UTC 2026
